Installing packages
------------------------------------------------------------
Exception:
Failure("Missing dependencies: (fonts-theano). Revdeps: ((fonts-theano (grcnum)))")
------------------------------------------------------------
@@dest_dir@@
------------------------------------------------------------
